// Jest Snapshot v1, https://goo.gl/fbAQLP

exports[`render home component 1`] = `
<NavBar
  dispatch={[Function]}
/>
`;
